<testsuites id="" name="" tests="1" failures="1" skipped="0" errors="0" time="63.008165">
<testsuite name="f2-vnc-acceptance.spec.ts" timestamp="2026-06-04T11:26:08.854Z" hostname="chromium" tests="1" failures="1" skipped="0" time="58.833" errors="0">
<testcase name="F2 VNC connection final acceptance" classname="f2-vnc-acceptance.spec.ts" time="58.833">
<system-out>
<![CDATA[[TEST] Initial screenshot saved
[TEST] Connect button found
[TEST] Console logs so far:
  [error] Failed to load resource: the server responded with a status of 404 (File not found)
[TEST] Page errors:
  Unexpected token ')'
  connectVNC is not defined

[[ATTACHMENT|../../../test-results/f2-vnc-acceptance-F2-VNC-connection-final-acceptance-chromium/test-failed-1.png]]

[[ATTACHMENT|../../../test-results/f2-vnc-acceptance-F2-VNC-connection-final-acceptance-chromium/video.webm]]

[[ATTACHMENT|../../../test-results/f2-vnc-acceptance-F2-VNC-connection-final-acceptance-chromium/error-context.md]]
[TEST] Initial screenshot saved
[TEST] Connect button found
[TEST] Console logs so far:
  [error] Failed to load resource: the server responded with a status of 404 (File not found)
[TEST] Page errors:
  Unexpected token ')'
  connectVNC is not defined

[[ATTACHMENT|../../../test-results/f2-vnc-acceptance-F2-VNC-connection-final-acceptance-chromium-retry1/test-failed-1.png]]

[[ATTACHMENT|../../../test-results/f2-vnc-acceptance-F2-VNC-connection-final-acceptance-chromium-retry1/video.webm]]

[[ATTACHMENT|../../../test-results/f2-vnc-acceptance-F2-VNC-connection-final-acceptance-chromium-retry1/error-context.md]]

[[ATTACHMENT|../../../test-results/f2-vnc-acceptance-F2-VNC-connection-final-acceptance-chromium-retry1/trace.zip]]
]]>
</system-out>
<failure message="expect(locator).toContainText(expected) failed" type="expect.toContainText">
<![CDATA[  [chromium] › f2-vnc-acceptance.spec.ts:6:5 › F2 VNC connection final acceptance ──────────────────

    Error: expect(locator).toContainText(expected) failed

    Locator: locator('#vncStatusText')
    Expected substring: "已连接"
    Received string:    "未连接"
    Timeout: 25000ms

    Call log:
      - Expect "toContainText" with timeout 25000ms
      - waiting for locator('#vncStatusText')
        54 × locator resolved to <span id="vncStatusText" class="status-text">未连接</span>
           - unexpected value "未连接"


      44 |   // Step 5: Wait for "已连接" to appear in the status text
      45 |   const statusText = page.locator('#vncStatusText');
    > 46 |   await expect(statusText).toContainText('已连接', { timeout: 25000 });
         |                            ^
      47 |
      48 |   // Step 6: Take connected screenshot
      49 |   await page.screenshot({
        at /Users/danielli/.openclaw/workspace/projects/boss-recruitment-system/tests/f2-vnc-acceptance.spec.ts:46:28

    attachment #1: screenshot (image/png) ──────────────────────────────────────────────────────────
    ../../../test-results/f2-vnc-acceptance-F2-VNC-connection-final-acceptance-chromium/test-failed-1.png
    ────────────────────────────────────────────────────────────────────────────────────────────────

    attachment #2: video (video/webm) ──────────────────────────────────────────────────────────────
    ../../../test-results/f2-vnc-acceptance-F2-VNC-connection-final-acceptance-chromium/video.webm
    ────────────────────────────────────────────────────────────────────────────────────────────────

    Error Context: ../../../test-results/f2-vnc-acceptance-F2-VNC-connection-final-acceptance-chromium/error-context.md

    Retry #1 ───────────────────────────────────────────────────────────────────────────────────────

    Error: expect(locator).toContainText(expected) failed

    Locator: locator('#vncStatusText')
    Expected substring: "已连接"
    Received string:    "未连接"
    Timeout: 25000ms

    Call log:
      - Expect "toContainText" with timeout 25000ms
      - waiting for locator('#vncStatusText')
        53 × locator resolved to <span id="vncStatusText" class="status-text">未连接</span>
           - unexpected value "未连接"


      44 |   // Step 5: Wait for "已连接" to appear in the status text
      45 |   const statusText = page.locator('#vncStatusText');
    > 46 |   await expect(statusText).toContainText('已连接', { timeout: 25000 });
         |                            ^
      47 |
      48 |   // Step 6: Take connected screenshot
      49 |   await page.screenshot({
        at /Users/danielli/.openclaw/workspace/projects/boss-recruitment-system/tests/f2-vnc-acceptance.spec.ts:46:28

    attachment #1: screenshot (image/png) ──────────────────────────────────────────────────────────
    ../../../test-results/f2-vnc-acceptance-F2-VNC-connection-final-acceptance-chromium-retry1/test-failed-1.png
    ────────────────────────────────────────────────────────────────────────────────────────────────

    attachment #2: video (video/webm) ──────────────────────────────────────────────────────────────
    ../../../test-results/f2-vnc-acceptance-F2-VNC-connection-final-acceptance-chromium-retry1/video.webm
    ────────────────────────────────────────────────────────────────────────────────────────────────

    Error Context: ../../../test-results/f2-vnc-acceptance-F2-VNC-connection-final-acceptance-chromium-retry1/error-context.md

    attachment #4: trace (application/zip) ─────────────────────────────────────────────────────────
    ../../../test-results/f2-vnc-acceptance-F2-VNC-connection-final-acceptance-chromium-retry1/trace.zip
    Usage:

        npx playwright show-trace ../../../test-results/f2-vnc-acceptance-F2-VNC-connection-final-acceptance-chromium-retry1/trace.zip

    ────────────────────────────────────────────────────────────────────────────────────────────────
]]>
</failure>
</testcase>
</testsuite>
</testsuites>